Flutter crash report.
Please report a bug at https://github.com/flutter/flutter/issues.

## command

flutter analyze lib

## exception

_Exception: Exception: analysis server exited with code 64 and output:
[stderr] Project
[stderr]   build       Build a Dart application including code assets.
[stderr]   compile     Compile Dart to various formats.
[stderr]   create      Create a new Dart project.
[stderr]   pub         Work with packages.
[stderr]   run         Run a Dart program from a file or a local package.
[stderr]   test        Run tests for a project.
[stderr] 
[stderr] Source code
[stderr]   analyze     Analyze Dart code in a directory.
[stderr]   doc         Generate API documentation for Dart projects.
[stderr]   fix         Apply automated fixes to Dart source code.
[stderr]   format      Idiomatically format Dart source code.
[stderr] 
[stderr] Tools
[stderr]   devtools    Open DevTools (optionally connecting to an existing application).
[stderr]   info        Show diagnostic information about the installed tooling.
[stderr] 
[stderr] Run "dart help <command>" for more information about a command.
[stderr] See https://dart.dev/tools/dart-tool for detailed documentation.

```
```

## flutter doctor

```
[✓] Flutter (Channel stable, 3.41.0, on macOS 14.7.4 23H420 darwin-arm64, locale en-NG) [5.8s]
    • Flutter version 3.41.0 on channel stable at /Users/apple/fvm/versions/3.41.0
    • Upstream repository https://github.com/flutter/flutter.git
    • Framework revision 44a626f4f0 (4 months ago), 2026-02-10 10:16:12 -0800
    • Engine revision 3452d735bd
    • Dart version 3.11.0
    • DevTools version 2.54.1
    • Feature flags: enable-web, enable-linux-desktop, enable-macos-desktop, enable-windows-desktop, enable-android, enable-ios, cli-animations, enable-native-assets, omit-legacy-version-file, enable-lldb-debugging, enable-uiscene-migration

[!] Android toolchain - develop for Android devices (Android SDK version 36.0.0) [20.8s]
    • Android SDK at /Users/apple/Library/Android/sdk
    • Emulator version 34.1.19.0 (build_id 11525734) (CL:N/A)
    • Platform android-36, build-tools 36.0.0
    • Java binary at: /Applications/Android Studio.app/Contents/jbr/Contents/Home/bin/java
      This is the JDK bundled with the latest Android Studio installation on this machine.
      To manually set the JDK path, use: `flutter config --jdk-dir="path/to/jdk"`.
    • Java version OpenJDK Runtime Environment (build 17.0.9+0-17.0.9b1087.7-11185874)
    ! Some Android licenses not accepted. To resolve this, run: flutter doctor --android-licenses

[✓] Xcode - develop for iOS and macOS (Xcode 16.2) [7.5s]
    • Xcode at /Applications/Xcode.app/Contents/Developer
    • Build 16C5032a
    • CocoaPods version 1.16.2

[✓] Chrome - develop for the web [10ms]
    • Chrome at /Applications/Google Chrome.app/Contents/MacOS/Google Chrome

[✓] Connected device (2 available) [21.5s]
    • macOS (desktop) • macos  • darwin-arm64   • macOS 14.7.4 23H420 darwin-arm64
    • Chrome (web)    • chrome • web-javascript • Google Chrome 148.0.7778.216
    ! Error: Browsing on the local area network for Kaizen’s iPhone. Ensure the device is unlocked and attached with a cable or associated with the same local area network as this Mac.
      The device must be opted into Developer Mode to connect wirelessly. (code -27)
    ! Error: Browsing on the local area network for Daniel’s iPhone. Ensure the device is unlocked and attached with a cable or associated with the same local area network as this Mac.
      The device must be opted into Developer Mode to connect wirelessly. (code -27)

[✓] Network resources [1,008ms]
    • All expected network resources are available.

! Doctor found issues in 1 category.
```
